// Jest Snapshot v1, https://goo.gl/fbAQLP

exports[`index Just logs main 1`] = `"This is the main function."`;
